--------------
DROP TABLE IF EXISTS test
--------------

--------------
CREATE TABLE test (t TIME(4)) ENGINE=upscaledb
--------------

--------------
INSERT INTO test VALUES ('13:01:28.0001')
--------------

--------------
SELECT * FROM test
--------------

t
13:01:28.0001
--------------
INSERT INTO test VALUES ('13:01:29.0002')
--------------

--------------
SELECT * FROM test
--------------

t
13:01:28.0001
13:01:29.0002
--------------
INSERT INTO test VALUES ('13:01:30.0003')
--------------

--------------
SELECT * FROM test
--------------

t
13:01:28.0001
13:01:29.0002
13:01:30.0003
